<html>
<body>
<pre>
<h1>礦ision Build Log</h1>
<h2>Project:</h2>
F:\佳显电子\新产品开发\新产品开发—电子纸\7.5寸 800x480   威锋\4灰阶\GDEW075T7-_4Gray-20190823\Project\mdk.uvproj
Project File Date:  07/31/2019

<h2>Output:</h2>
Build target 'mdk'
compiling main.c...
linking...
Program Size: Code=5550 RO-data=192546 RW-data=28 ZI-data=1636  
FromELF: creating hex file...
".\Debug\obj\mdk.axf" - 0 Error(s), 0 Warning(s).
Load "F:\\佳显电子\\新产品开发\\新产品开发—电子纸\\7.5寸 800x480   威锋\\4灰阶\\GDEW075T7-_4Gray-20190823\\Project\\Debug\\obj\\mdk.axf" 
Set JLink Project File to "F:\佳显电子\新产品开发\新产品开发—电子纸\7.5寸 800x480   威锋\4灰阶\GDEW075T7-_4Gray-20190823\Project\JLinkSettings.ini"
* JLink Info: Device "STM32F103VE" selected (512 KB flash, 64 KB RAM).
 
JLink info:
------------
DLL: V4.76d, compiled Sep 13 2013 16:35:06
Firmware: J-Link ARM-OB STM32 compiled Aug 22 2012 19:52:04
Hardware: V7.00
S/N : 20090928 
Feature(s) : RDI,FlashDL,FlashBP,JFlash,GDBFull 
 
* JLink Info: Found SWD-DP with ID 0x1BA01477
* JLink Info: Found SWD-DP with ID 0x1BA01477
* JLink Info: Found Cortex-M3 r1p1, Little endian.
* JLink Info: FPUnit: 6 code (BP) slots and 2 literal slots
* JLink Info: TPIU fitted.
* JLink Info: ETM fitted.
ROMTableAddr = 0xE00FF003
 
Target info:
------------
Device: STM32F103VE
VTarget = 3.300V
State of Pins: 
TCK: 0, TDI: 0, TDO: 1, TMS: 0, TRES: 1, TRST: 1
Hardware-Breakpoints: 6
Software-Breakpoints: 8192
Watchpoints:          4
JTAG speed: 4000 kHz
 
Erase Done.
Programming Done.
Verify OK.
Application running ...
</pre>
</body>
</html>
ning
**JLink Warning: CPU could not be halted
***JLink Error: Could not read memory location 0x20000000 when trying to clear soft RAM BP
Could not start CPU core. (ErrorCode: -1)
Contents mismatch at: 08020000H  (Flash=AAH  Required=0FH) !
Contents mismatch at: 08020001H  (Flash=AAH  Required=FFH) !
Contents mismatch at: 08020002H  (Flash=AAH  Required=FFH) !
Contents mismatch at: 08020003H  (Flash=AAH  Required=FFH) !
Contents mismatch at: 08020004H  (Flash=AAH  Required=FFH) !
Contents mismatch at: 08020005H  (Flash=AAH  Required=F3H) !
Contents mismatch at: 08020006H  (Flash=AAH  Required=33H) !
Contents mismatch at: 08020007H  (Flash=AAH  Required=33H) !
Contents mismatch at: 08020008H  (Flash=AAH  Required=33H) !
Contents mismatch at: 08020009H  (Flash=AAH  Required=33H) !
Contents mismatch at: 0802000AH  (Flash=AAH  Required=33H) !
Contents mismatch at: 0802000BH  (Flash=AAH  Required=33H) !
Contents mismatch at: 0802000CH  (Flash=AAH  Required=33H) !
Contents mismatch at: 0802000DH  (Flash=AAH  Required=33H) !
Contents mismatch at: 0802000EH  (Flash=AAH  Required=33H) !
Contents mismatch at: 0802000FH  (Flash=AAH  Required=33H) !
Contents mismatch at: 08020010H  (Flash=AAH  Required=33H) !
Contents mismatch at: 08020011H  (Flash=AAH  Required=33H) !
Contents mismatch at: 08020012H  (Flash=AAH  Required=33H) !
Contents mismatch at: 08020013H  (Flash=AAH  Required=33H) !
Contents mismatch at: 08020014H  (Flash=AAH  Required=33H) !
Contents mismatch at: 08020015H  (Flash=AAH  Required=33H) !
Contents mismatch at: 08020016H  (Flash=AAH  Required=33H) !
Contents mismatch at: 08020017H  (Flash=AAH  Required=33H) !
Contents mismatch at: 08020018H  (Flash=AAH  Required=33H) !
Contents mismatch at: 08020019H  (Flash=AAH  Required=33H) !
Contents mismatch at: 0802001AH  (Flash=AAH  Required=33H) !
Contents mismatch at: 0802001BH  (Flash=AAH  Required=33H) !
Contents mismatch at: 0802001CH  (Flash=AAH  Required=33H) !
Contents mismatch at: 0802001DH  (Flash=AAH  Required=33H) !
Contents mismatch at: 0802001EH  (Flash=AAH  Required=33H) !
Contents mismatch at: 0802001FH  (Flash=AAH  Required=33H) !
Contents mismatch at: 08020020H  (Flash=AAH  Required=33H) !
Contents mismatch at: 08020021H  (Flash=AAH  Required=33H) !
Contents mismatch at: 08020022H  (Flash=AAH  Required=33H) !
Contents mismatch at: 08020023H  (Flash=AAH  Required=33H) !
Contents mismatch at: 08020024H  (Flash=AAH  Required=33H) !
Contents mismatch at: 08020025H  (Flash=AAH  Required=33H) !
Contents mismatch at: 08020026H  (Flash=AAH  Required=33H) !
Contents mismatch at: 08020027H  (Flash=AAH  Required=33H) !
Contents mismatch at: 08020028H  (Flash=AAH  Required=33H) !
Contents mismatch at: 08020029H  (Flash=AAH  Required=33H) !
Contents mismatch at: 0802002AH  (Flash=AAH  Required=33H) !
Contents mismatch at: 0802002BH  (Flash=AAH  Required=33H) !
Contents mismatch at: 0802002CH  (Flash=AAH  Required=33H) !
Contents mismatch at: 0802002DH  (Flash=AAH  Required=33H) !
Contents mismatch at: 0802002EH  (Flash=AAH  Required=33H) !
Contents mismatch at: 0802002FH  (Flash=AAH  Required=33H) !
Contents mismatch at: 08020030H  (Flash=AAH  Required=33H) !
Contents mismatch at: 08020031H  (Flash=AAH  Required=33H) !
Contents mismatch at: 08020032H  (Flash=AAH  Required=33H) !
Contents mismatch at: 08020033H  (Flash=AAH  Required=33H) !
Contents mismatch at: 08020034H  (Flash=AAH  Required=33H) !
Contents mismatch at: 08020035H  (Flash=AAH  Required=FFH) !
Contents mismatch at: 08020036H  (Flash=AAH  Required=FFH) !
Contents mismatch at: 08020037H  (Flash=AAH  Required=FFH) !
Contents mismatch at: 08020038H  (Flash=AAH  Required=FFH) !
Contents mismatch at: 08020039H  (Flash=AAH  Required=F0H) !
Contents mismatch at: 0802003AH  (Flash=AAH  Required=00H) !
Contents mismatch at: 0802003BH  (Flash=AAH  Required=00H) !
Contents mismatch at: 0802003CH  (Flash=AAH  Required=00H) !
Contents mismatch at: 0802003DH  (Flash=AAH  Required=00H) !
Contents mismatch at: 0802003EH  (Flash=AAH  Required=00H) !
Contents mismatch at: 0802003FH  (Flash=AAH  Required=00H) !
Contents mismatch at: 08020040H  (Flash=AAH  Required=00H) !
Contents mismatch at: 08020041H  (Flash=AAH  Required=00H) !
Contents mismatch at: 08020042H  (Flash=AAH  Required=00H) !
Contents mismatch at: 08020043H  (Flash=AAH  Required=00H) !
Contents mismatch at: 08020044H  (Flash=AAH  Required=00H) !
Contents mismatch at: 08020045H  (Flash=AAH  Required=00H) !
Contents mismatch at: 08020046H  (Flash=AAH  Required=00H) !
Contents mismatch at: 08020047H  (Flash=AAH  Required=00H) !
Contents mismatch at: 08020048H  (Flash=AAH  Required=00H) !
Contents mismatch at: 08020049H  (Flash=AAH  Required=00H) !
Contents mismatch at: 0802004AH  (Flash=AAH  Required=00H) !
Contents mismatch at: 0802004BH  (Flash=AAH  Required=00H) !
Contents mismatch at: 0802004CH  (Flash=AAH  Required=00H) !
Contents mismatch at: 0802004DH  (Flash=AAH  Required=00H) !
Contents mismatch at: 0802004EH  (Flash=AAH  Required=0FH) !
Contents mismatch at: 0802004FH  (Flash=AAH  Required=FFH) !
Contents mismatch at: 08020050H  (Flash=AAH  Required=FFH) !
Contents mismatch at: 08020051H  (Flash=AAH  Required=FFH) !
Contents mismatch at: 08020052H  (Flash=AAH  Required=F0H) !
Contents mismatch at: 08020053H  (Flash=AAH  Required=00H) !
Contents mismatch at: 08020054H  (Flash=AAH  Required=00H) !
Contents mismatch at: 08020055H  (Flash=AAH  Required=00H) !
Contents mismatch at: 08020056H  (Flash=AAH  Required=00H) !
Contents mismatch at: 08020057H  (Flash=AAH  Required=00H) !
Contents mismatch at: 08020058H  (Flash=AAH  Required=00H) !
Contents mismatch at: 08020059H  (Flash=AAH  Required=00H) !
Contents mismatch at: 0802005AH  (Flash=AAH  Required=00H) !
Contents mismatch at: 0802005BH  (Flash=AAH  Required=00H) !
Contents mismatch at: 0802005CH  (Flash=AAH  Required=00H) !
Contents mismatch at: 0802005DH  (Flash=AAH  Required=00H) !
Contents mismatch at: 0802005EH  (Flash=AAH  Required=00H) !
Contents mismatch at: 0802005FH  (Flash=AAH  Required=00H) !
Contents mismatch at: 08020060H  (Flash=AAH  Required=00H) !
Contents mismatch at: 08020061H  (Flash=AAH  Required=00H) !
Contents mismatch at: 08020062H  (Flash=AAH  Required=00H) !
Contents mismatch at: 08020063H  (Flash=AAH  Required=00H) !
Too many errors to display !
Error: Flash Download failed  -  "Cortex-M3"
