<html>
<body>
<pre>
<h1>µVision Build Log</h1>
<h2>Project:</h2>
D:\ÎÒµÄÎÄµµ\Documents\GitHub\Good-Display\STM32\4.2\S-GDEW042T2_GUI-20200810\USER\EPD.uvproj
Project File Date:  09/14/2021

<h2>Output:</h2>
Build target 'Target 1'
compiling main.c...
compiling stm32f10x_it.c...
compiling system_stm32f10x.c...
compiling delay.c...
compiling sys.c...
compiling usart.c...
compiling core_cm3.c...
assembling startup_stm32f10x_hd.s...
compiling misc.c...
compiling stm32f10x_gpio.c...
compiling stm32f10x_rcc.c...
compiling stm32f10x_usart.c...
compiling Display_EPD_W21.c...
compiling Display_EPD_W21_spi.c...
compiling GUI_Paint.c...
compiling font8.c...
compiling font12.c...
compiling font12CN.c...
compiling font16.c...
compiling font20.c...
compiling font24.c...
compiling font24CN.c...
linking...
Program Size: Code=9408 RO-data=45916 RW-data=92 ZI-data=16860  
FromELF: creating hex file...
"..\OBJ\EPD.axf" - 0 Error(s), 0 Warning(s).
</pre>
</body>
</html>
