<html>
<body>
<pre>
<h1>礦ision Build Log</h1>
<h2>Project:</h2>
F:\佳显电子\新产品开发\新产品开发—电子纸\1.54D67\4灰调试\GDEH0154D67_SSD1681_4Gray-P20201106\USER\EPD.uvproj
Project File Date:  05/08/2020

<h2>Output:</h2>
Build target 'Target 1'
linking...
Program Size: Code=11544 RO-data=60300 RW-data=92 ZI-data=6860  
FromELF: creating hex file...
"..\OBJ\EPD.axf" - 0 Error(s), 0 Warning(s).
</pre>
</body>
</html>
1544 RO-data=60300 RW-data=92 ZI-data=6860  
FromELF: creating hex file...
"..\OBJ\EPD.axf" - 0 Error(s), 1 Warning(s).
mbling startup_stm32f10x_hd.s...
compiling misc.c...
compiling stm32f10x_gpio.c...
compiling stm32f10x_rcc.c...
compiling stm32f10x_usart.c...
compiling Display_EPD_W21.c...
compiling Display_EPD_W21_spi.c...
compiling GUI_Paint.c...
compiling font8.c...
compiling font12.c...
compiling font12CN.c...
compiling font16.c...
compiling font20.c...
compiling font24.c...
compiling font24CN.c...
linking...
Program Size: Code=11544 RO-data=60300 RW-data=92 ZI-data=6860  
FromELF: creating hex file...
"..\OBJ\EPD.axf" - 0 Error(s), 1 Warning(s).
Load "..\\OBJ\\EPD.axf" 
Set JLink Project File to "F:\佳显电子\新产品开发\新产品开发—电子纸\1.54D67\4灰调试\GDEH0154D67_SSD1681_4Gray-P20201106\USER\JLinkSettings.ini"
* JLink Info: Device "STM32F103VE" selected (512 KB flash, 64 KB RAM).
 
JLink info:
------------
DLL: V4.76d, compiled Sep 13 2013 16:35:06
Firmware: J-Link ARM-OB STM32 compiled Aug 22 2012 19:52:04
Hardware: V7.00
S/N : 20090928 
Feature(s) : RDI,FlashDL,FlashBP,JFlash,GDBFull 
 
* JLink Info: Found SWD-DP with ID 0x1BA01477
* JLink Info: Found SWD-DP with ID 0x1BA01477
* JLink Info: Found Cortex-M3 r1p1, Little endian.
* JLink Info: FPUnit: 6 code (BP) slots and 2 literal slots
* JLink Info: TPIU fitted.
* JLink Info: ETM fitted.
ROMTableAddr = 0xE00FF003
 
Target info:
------------
Device: STM32F103VE
VTarget = 3.300V
State of Pins: 
TCK: 0, TDI: 0, TDO: 1, TMS: 0, TRES: 1, TRST: 1
Hardware-Breakpoints: 6
Software-Breakpoints: 8192
Watchpoints:          4
JTAG speed: 4000 kHz
 
Erase Done.
Programming Done.
Verify OK.
Application running ...
