<html>
<body>
<pre>
<h1>µVision Build Log</h1>
<h2>Project:</h2>
D:\ÎÒµÄÎÄµµ\Documents\GitHub\Good-Display\STM32\1.02\S-GDEW0102T4_GUI-20200810\USER\EPD.uvproj
Project File Date:  09/14/2021

<h2>Output:</h2>
Build target 'Target 1'
compiling font24CN.c...
linking...
Program Size: Code=9096 RO-data=21036 RW-data=92 ZI-data=4748  
FromELF: creating hex file...
"..\OBJ\EPD.axf" - 0 Error(s), 0 Warning(s).
</pre>
</body>
</html>
...
compiling misc.c...
compiling stm32f10x_gpio.c...
compiling stm32f10x_rcc.c...
compiling stm32f10x_usart.c...
compiling Display_EPD_W21.c...
compiling Display_EPD_W21_spi.c...
compiling GUI_Paint.c...
compiling font8.c...
compiling font12.c...
compiling font12CN.c...
compiling font16.c...
compiling font20.c...
compiling font24.c...
compiling font24CN.c...
linking...
Program Size: Code=9096 RO-data=21036 RW-data=92 ZI-data=4748  
FromELF: creating hex file...
"..\OBJ\EPD.axf" - 0 Error(s), 0 Warning(s).
