ARM Linker, 5.03 [Build 76] [MDK-ARM Standard]

==============================================================================

Section Cross References

    main.o(.text) refers to delay.o(.text) for delay_init
    main.o(.text) refers to sys.o(.text) for NVIC_Configuration
    main.o(.text) refers to display_epd_w21_spi.o(.text) for EPD_GPIO_Init
    main.o(.text) refers to display_epd_w21.o(.text) for EPD_init
    main.o(.text) refers to gui_paint.o(.text) for Paint_NewImage
    main.o(.text) refers to main.o(.constdata) for gImage_R1
    main.o(.text) refers to main.o(.bss) for BlackImage
    main.o(.text) refers to font8.o(.data) for Font8
    main.o(.text) refers to font12.o(.data) for Font12
    main.o(.text) refers to font16.o(.data) for Font16
    main.o(.text) refers to font20.o(.data) for Font20
    main.o(.text) refers to font24.o(.data) for Font24
    system_stm32f10x.o(.text) refers to system_stm32f10x.o(.data) for SystemCoreClock
    delay.o(.text) refers to misc.o(.text) for SysTick_CLKSourceConfig
    delay.o(.text) refers to system_stm32f10x.o(.data) for SystemCoreClock
    delay.o(.text) refers to delay.o(.data) for fac_us
    sys.o(.text) refers to misc.o(.text) for NVIC_PriorityGroupConfig
    usart.o(.text) refers to stm32f10x_rcc.o(.text) for RCC_APB2PeriphClockCmd
    usart.o(.text) refers to stm32f10x_gpio.o(.text) for GPIO_Init
    usart.o(.text) refers to misc.o(.text) for NVIC_Init
    usart.o(.text) refers to stm32f10x_usart.o(.text) for USART_Init
    usart.o(.text) refers to usart.o(.data) for USART_RX_STA
    usart.o(.text) refers to usart.o(.bss) for USART_RX_BUF
    startup_stm32f10x_hd.o(RESET) refers to startup_stm32f10x_hd.o(STACK) for __initial_sp
    startup_stm32f10x_hd.o(RESET) refers to startup_stm32f10x_hd.o(.text) for Reset_Handler
    startup_stm32f10x_hd.o(RESET) refers to stm32f10x_it.o(.text) for NMI_Handler
    startup_stm32f10x_hd.o(RESET) refers to usart.o(.text) for USART1_IRQHandler
    startup_stm32f10x_hd.o(.text) refers to system_stm32f10x.o(.text) for SystemInit
    startup_stm32f10x_hd.o(.text) refers to entry.o(.ARM.Collect$$$$00000000) for __main
    stm32f10x_gpio.o(.text) refers to stm32f10x_rcc.o(.text) for RCC_APB2PeriphResetCmd
    stm32f10x_rcc.o(.text) refers to stm32f10x_rcc.o(.data) for APBAHBPrescTable
    stm32f10x_usart.o(.text) refers to stm32f10x_rcc.o(.text) for RCC_APB2PeriphResetCmd
    display_epd_w21.o(.text) refers to stm32f10x_gpio.o(.text) for GPIO_ResetBits
    display_epd_w21.o(.text) refers to display_epd_w21_spi.o(.text) for EPD_W21_WriteCMD
    display_epd_w21_spi.o(.text) refers to stm32f10x_rcc.o(.text) for RCC_APB2PeriphClockCmd
    display_epd_w21_spi.o(.text) refers to stm32f10x_gpio.o(.text) for GPIO_Init
    gui_paint.o(.text) refers to gui_paint.o(.bss) for Paint
    gui_paint.o(.text) refers to memseta.o(.text) for __aeabi_memclr4
    font8.o(.data) refers to font8.o(.constdata) for Font8_Table
    font12.o(.data) refers to font12.o(.constdata) for Font12_Table
    font12cn.o(.data) refers to font12cn.o(.constdata) for Font12CN_Table
    font16.o(.data) refers to font16.o(.constdata) for Font16_Table
    font20.o(.data) refers to font20.o(.constdata) for Font20_Table
    font24.o(.data) refers to font24.o(.constdata) for Font24_Table
    font24cn.o(.data) refers to font24cn.o(.constdata) for Font24CN_Table
    entry.o(.ARM.Collect$$$$00000000) refers (Special) to entry10a.o(.ARM.Collect$$$$0000000D) for __rt_final_cpp
    entry.o(.ARM.Collect$$$$00000000) refers (Special) to entry11a.o(.ARM.Collect$$$$0000000F) for __rt_final_exit
    entry.o(.ARM.Collect$$$$00000000) refers (Special) to entry7b.o(.ARM.Collect$$$$00000008) for _main_clock
    entry.o(.ARM.Collect$$$$00000000) refers (Special) to entry8b.o(.ARM.Collect$$$$0000000A) for _main_cpp_init
    entry.o(.ARM.Collect$$$$00000000) refers (Special) to entry9a.o(.ARM.Collect$$$$0000000B) for _main_init
    entry.o(.ARM.Collect$$$$00000000) refers (Special) to entry5.o(.ARM.Collect$$$$00000004) for _main_scatterload
    entry.o(.ARM.Collect$$$$00000000) refers (Special) to entry2.o(.ARM.Collect$$$$00000001) for _main_stk
    entry2.o(.ARM.Collect$$$$00000001) refers to entry2.o(.ARM.Collect$$$$00002712) for __lit__00000000
    entry2.o(.ARM.Collect$$$$00002712) refers to startup_stm32f10x_hd.o(STACK) for __initial_sp
    entry2.o(__vectab_stack_and_reset_area) refers to startup_stm32f10x_hd.o(STACK) for __initial_sp
    entry2.o(__vectab_stack_and_reset_area) refers to entry.o(.ARM.Collect$$$$00000000) for __main
    entry5.o(.ARM.Collect$$$$00000004) refers to init.o(.text) for __scatterload
    entry9a.o(.ARM.Collect$$$$0000000B) refers to main.o(.text) for main
    entry9b.o(.ARM.Collect$$$$0000000C) refers to main.o(.text) for main
    init.o(.text) refers to entry5.o(.ARM.Collect$$$$00000004) for __main_after_scatterload


==============================================================================

Removing Unused input sections from the image.

    Removing core_cm3.o(.emb_text), (32 bytes).
    Removing startup_stm32f10x_hd.o(HEAP), (512 bytes).
    Removing font12cn.o(.constdata), (996 bytes).
    Removing font12cn.o(.data), (12 bytes).
    Removing font24cn.o(.constdata), (4482 bytes).
    Removing font24cn.o(.data), (12 bytes).

6 unused section(s) (total 6046 bytes) removed from the image.

==============================================================================

Image Symbol Table

    Local Symbols

    Symbol Name                              Value     Ov Type        Size  Object(Section)

    ../clib/microlib/init/entry.s            0x00000000   Number         0  entry11b.o ABSOLUTE
    ../clib/microlib/init/entry.s            0x00000000   Number         0  entry11a.o ABSOLUTE
    ../clib/microlib/init/entry.s            0x00000000   Number         0  entry10b.o ABSOLUTE
    ../clib/microlib/init/entry.s            0x00000000   Number         0  entry9b.o ABSOLUTE
    ../clib/microlib/init/entry.s            0x00000000   Number         0  entry10a.o ABSOLUTE
    ../clib/microlib/init/entry.s            0x00000000   Number         0  entry9a.o ABSOLUTE
    ../clib/microlib/init/entry.s            0x00000000   Number         0  entry.o ABSOLUTE
    ../clib/microlib/init/entry.s            0x00000000   Number         0  entry8b.o ABSOLUTE
    ../clib/microlib/init/entry.s            0x00000000   Number         0  entry8a.o ABSOLUTE
    ../clib/microlib/init/entry.s            0x00000000   Number         0  entry7b.o ABSOLUTE
    ../clib/microlib/init/entry.s            0x00000000   Number         0  entry7a.o ABSOLUTE
    ../clib/microlib/init/entry.s            0x00000000   Number         0  entry2.o ABSOLUTE
    ../clib/microlib/init/entry.s            0x00000000   Number         0  entry5.o ABSOLUTE
    ../clib/microlib/string/memset.c         0x00000000   Number         0  memseta.o ABSOLUTE
    ../clib/microlib/stubs.s                 0x00000000   Number         0  useno.o ABSOLUTE
    ..\CORE\core_cm3.c                       0x00000000   Number         0  core_cm3.o ABSOLUTE
    ..\CORE\startup_stm32f10x_hd.s           0x00000000   Number         0  startup_stm32f10x_hd.o ABSOLUTE
    ..\HARDWARE\EPD\Display_EPD_W21.c        0x00000000   Number         0  display_epd_w21.o ABSOLUTE
    ..\HARDWARE\EPD\Display_EPD_W21_spi.c    0x00000000   Number         0  display_epd_w21_spi.o ABSOLUTE
    ..\HARDWARE\Fonts\font12.c               0x00000000   Number         0  font12.o ABSOLUTE
    ..\HARDWARE\Fonts\font12CN.c             0x00000000   Number         0  font12cn.o ABSOLUTE
    ..\HARDWARE\Fonts\font16.c               0x00000000   Number         0  font16.o ABSOLUTE
    ..\HARDWARE\Fonts\font20.c               0x00000000   Number         0  font20.o ABSOLUTE
    ..\HARDWARE\Fonts\font24.c               0x00000000   Number         0  font24.o ABSOLUTE
    ..\HARDWARE\Fonts\font24CN.c             0x00000000   Number         0  font24cn.o ABSOLUTE
    ..\HARDWARE\Fonts\font8.c                0x00000000   Number         0  font8.o ABSOLUTE
    ..\HARDWARE\GUI\GUI_Paint.c              0x00000000   Number         0  gui_paint.o ABSOLUTE
    ..\STM32F10x_FWLib\src\misc.c            0x00000000   Number         0  misc.o ABSOLUTE
    ..\STM32F10x_FWLib\src\stm32f10x_gpio.c  0x00000000   Number         0  stm32f10x_gpio.o ABSOLUTE
    ..\STM32F10x_FWLib\src\stm32f10x_rcc.c   0x00000000   Number         0  stm32f10x_rcc.o ABSOLUTE
    ..\STM32F10x_FWLib\src\stm32f10x_usart.c 0x00000000   Number         0  stm32f10x_usart.o ABSOLUTE
    ..\SYSTEM\delay\delay.c                  0x00000000   Number         0  delay.o ABSOLUTE
    ..\SYSTEM\sys\sys.c                      0x00000000   Number         0  sys.o ABSOLUTE
    ..\SYSTEM\usart\usart.c                  0x00000000   Number         0  usart.o ABSOLUTE
    ..\\CORE\\core_cm3.c                     0x00000000   Number         0  core_cm3.o ABSOLUTE
    dc.s                                     0x00000000   Number         0  dc.o ABSOLUTE
    handlers.s                               0x00000000   Number         0  handlers.o ABSOLUTE
    init.s                                   0x00000000   Number         0  init.o ABSOLUTE
    main.c                                   0x00000000   Number         0  main.o ABSOLUTE
    stm32f10x_it.c                           0x00000000   Number         0  stm32f10x_it.o ABSOLUTE
    system_stm32f10x.c                       0x00000000   Number         0  system_stm32f10x.o ABSOLUTE
    RESET                                    0x08000000   Section      304  startup_stm32f10x_hd.o(RESET)
    .ARM.Collect$$$$00000000                 0x08000130   Section        0  entry.o(.ARM.Collect$$$$00000000)
    .ARM.Collect$$$$00000001                 0x08000130   Section        4  entry2.o(.ARM.Collect$$$$00000001)
    .ARM.Collect$$$$00000004                 0x08000134   Section        4  entry5.o(.ARM.Collect$$$$00000004)
    .ARM.Collect$$$$00000008                 0x08000138   Section        0  entry7b.o(.ARM.Collect$$$$00000008)
    .ARM.Collect$$$$0000000A                 0x08000138   Section        0  entry8b.o(.ARM.Collect$$$$0000000A)
    .ARM.Collect$$$$0000000B                 0x08000138   Section        8  entry9a.o(.ARM.Collect$$$$0000000B)
    .ARM.Collect$$$$0000000D                 0x08000140   Section        0  entry10a.o(.ARM.Collect$$$$0000000D)
    .ARM.Collect$$$$0000000F                 0x08000140   Section        0  entry11a.o(.ARM.Collect$$$$0000000F)
    .ARM.Collect$$$$00002712                 0x08000140   Section        4  entry2.o(.ARM.Collect$$$$00002712)
    __lit__00000000                          0x08000140   Data           4  entry2.o(.ARM.Collect$$$$00002712)
    .text                                    0x08000144   Section        0  main.o(.text)
    .text                                    0x080005e0   Section        0  stm32f10x_it.o(.text)
    .text                                    0x080005fc   Section        0  system_stm32f10x.o(.text)
    SetSysClockTo72                          0x080005fd   Thumb Code   212  system_stm32f10x.o(.text)
    SetSysClock                              0x080006d1   Thumb Code     8  system_stm32f10x.o(.text)
    .text                                    0x080007d8   Section        0  delay.o(.text)
    .text                                    0x080008c0   Section        0  sys.o(.text)
    .text                                    0x080008cc   Section        0  usart.o(.text)
    .text                                    0x08000a0c   Section       36  startup_stm32f10x_hd.o(.text)
    .text                                    0x08000a30   Section        0  misc.o(.text)
    .text                                    0x08000b0c   Section        0  stm32f10x_gpio.o(.text)
    .text                                    0x08000e64   Section        0  stm32f10x_rcc.o(.text)
    .text                                    0x08001208   Section        0  stm32f10x_usart.o(.text)
    .text                                    0x08001610   Section        0  display_epd_w21.o(.text)
    .text                                    0x08001840   Section        0  display_epd_w21_spi.o(.text)
    .text                                    0x08001990   Section        0  gui_paint.o(.text)
    .text                                    0x08002618   Section        0  memseta.o(.text)
    .text                                    0x0800263c   Section       36  init.o(.text)
    i.__scatterload_copy                     0x08002660   Section       14  handlers.o(i.__scatterload_copy)
    i.__scatterload_null                     0x0800266e   Section        2  handlers.o(i.__scatterload_null)
    i.__scatterload_zeroinit                 0x08002670   Section       14  handlers.o(i.__scatterload_zeroinit)
    .constdata                               0x0800267e   Section    96000  main.o(.constdata)
    .constdata                               0x08019d7e   Section      760  font8.o(.constdata)
    .constdata                               0x0801a076   Section     1140  font12.o(.constdata)
    .constdata                               0x0801a4ea   Section     3040  font16.o(.constdata)
    .constdata                               0x0801b0ca   Section     3800  font20.o(.constdata)
    .constdata                               0x0801bfa2   Section     6840  font24.o(.constdata)
    .data                                    0x20000000   Section       20  system_stm32f10x.o(.data)
    .data                                    0x20000014   Section        4  delay.o(.data)
    fac_us                                   0x20000014   Data           1  delay.o(.data)
    fac_ms                                   0x20000016   Data           2  delay.o(.data)
    .data                                    0x20000018   Section        8  usart.o(.data)
    .data                                    0x20000020   Section       20  stm32f10x_rcc.o(.data)
    APBAHBPrescTable                         0x20000020   Data          16  stm32f10x_rcc.o(.data)
    ADCPrescTable                            0x20000030   Data           4  stm32f10x_rcc.o(.data)
    .data                                    0x20000034   Section        8  font8.o(.data)
    .data                                    0x2000003c   Section        8  font12.o(.data)
    .data                                    0x20000044   Section        8  font16.o(.data)
    .data                                    0x2000004c   Section        8  font20.o(.data)
    .data                                    0x20000054   Section        8  font24.o(.data)
    .bss                                     0x2000005c   Section    48000  main.o(.bss)
    .bss                                     0x2000bbdc   Section      200  usart.o(.bss)
    .bss                                     0x2000bca4   Section       24  gui_paint.o(.bss)
    STACK                                    0x2000bcc0   Section     1024  startup_stm32f10x_hd.o(STACK)

    Global Symbols

    Symbol Name                              Value     Ov Type        Size  Object(Section)

    BuildAttributes$$THM_ISAv4$P$D$K$B$S$PE$A:L22UL41UL21$X:L11$S22US41US21$IEEE1$IW$USESV6$~STKCKD$USESV7$~SHL$OSPACE$EBA8$MICROLIB$REQ8$PRES8$EABIv2 0x00000000   Number         0  anon$$obj.o ABSOLUTE
    __ARM_use_no_argv                        0x00000000   Number         0  main.o ABSOLUTE
    __use_no_errno                           0x00000000   Number         0  useno.o ABSOLUTE
    __use_no_exception_handling              0x00000000   Number         0  useno.o ABSOLUTE
    __use_no_fp                              0x00000000   Number         0  useno.o ABSOLUTE
    __use_no_heap                            0x00000000   Number         0  useno.o ABSOLUTE
    __use_no_heap_region                     0x00000000   Number         0  useno.o ABSOLUTE
    __use_no_semihosting                     0x00000000   Number         0  useno.o ABSOLUTE
    __use_no_semihosting_swi                 0x00000000   Number         0  useno.o ABSOLUTE
    __use_no_signal_handling                 0x00000000   Number         0  useno.o ABSOLUTE
    __cpp_initialize__aeabi_                  - Undefined Weak Reference
    __cxa_finalize                            - Undefined Weak Reference
    __decompress                              - Undefined Weak Reference
    _clock_init                               - Undefined Weak Reference
    _microlib_exit                            - Undefined Weak Reference
    __Vectors_Size                           0x00000130   Number         0  startup_stm32f10x_hd.o ABSOLUTE
    __Vectors                                0x08000000   Data           4  startup_stm32f10x_hd.o(RESET)
    __Vectors_End                            0x08000130   Data           0  startup_stm32f10x_hd.o(RESET)
    __main                                   0x08000131   Thumb Code     0  entry.o(.ARM.Collect$$$$00000000)
    _main_stk                                0x08000131   Thumb Code     0  entry2.o(.ARM.Collect$$$$00000001)
    _main_scatterload                        0x08000135   Thumb Code     0  entry5.o(.ARM.Collect$$$$00000004)
    __main_after_scatterload                 0x08000139   Thumb Code     0  entry5.o(.ARM.Collect$$$$00000004)
    _main_clock                              0x08000139   Thumb Code     0  entry7b.o(.ARM.Collect$$$$00000008)
    _main_cpp_init                           0x08000139   Thumb Code     0  entry8b.o(.ARM.Collect$$$$0000000A)
    _main_init                               0x08000139   Thumb Code     0  entry9a.o(.ARM.Collect$$$$0000000B)
    __rt_final_cpp                           0x08000141   Thumb Code     0  entry10a.o(.ARM.Collect$$$$0000000D)
    __rt_final_exit                          0x08000141   Thumb Code     0  entry11a.o(.ARM.Collect$$$$0000000F)
    main                                     0x08000145   Thumb Code  1168  main.o(.text)
    NMI_Handler                              0x080005e1   Thumb Code     2  stm32f10x_it.o(.text)
    HardFault_Handler                        0x080005e3   Thumb Code     4  stm32f10x_it.o(.text)
    MemManage_Handler                        0x080005e7   Thumb Code     4  stm32f10x_it.o(.text)
    BusFault_Handler                         0x080005eb   Thumb Code     4  stm32f10x_it.o(.text)
    UsageFault_Handler                       0x080005ef   Thumb Code     4  stm32f10x_it.o(.text)
    SVC_Handler                              0x080005f3   Thumb Code     2  stm32f10x_it.o(.text)
    DebugMon_Handler                         0x080005f5   Thumb Code     2  stm32f10x_it.o(.text)
    PendSV_Handler                           0x080005f7   Thumb Code     2  stm32f10x_it.o(.text)
    SysTick_Handler                          0x080005f9   Thumb Code     2  stm32f10x_it.o(.text)
    SystemInit                               0x080006d9   Thumb Code    78  system_stm32f10x.o(.text)
    SystemCoreClockUpdate                    0x08000727   Thumb Code   142  system_stm32f10x.o(.text)
    delay_init                               0x080007d9   Thumb Code    50  delay.o(.text)
    delay_us                                 0x0800080b   Thumb Code    70  delay.o(.text)
    delay_ms                                 0x08000851   Thumb Code    70  delay.o(.text)
    delay_s                                  0x08000897   Thumb Code    26  delay.o(.text)
    NVIC_Configuration                       0x080008c1   Thumb Code    12  sys.o(.text)
    _sys_exit                                0x080008cd   Thumb Code     6  usart.o(.text)
    fputc                                    0x080008d3   Thumb Code    22  usart.o(.text)
    uart_init                                0x080008e9   Thumb Code   152  usart.o(.text)
    USART1_IRQHandler                        0x08000981   Thumb Code   122  usart.o(.text)
    Reset_Handler                            0x08000a0d   Thumb Code     8  startup_stm32f10x_hd.o(.text)
    ADC1_2_IRQHandler                        0x08000a27   Thumb Code     0  startup_stm32f10x_hd.o(.text)
    ADC3_IRQHandler                          0x08000a27   Thumb Code     0  startup_stm32f10x_hd.o(.text)
    CAN1_RX1_IRQHandler                      0x08000a27   Thumb Code     0  startup_stm32f10x_hd.o(.text)
    CAN1_SCE_IRQHandler                      0x08000a27   Thumb Code     0  startup_stm32f10x_hd.o(.text)
    DMA1_Channel1_IRQHandler                 0x08000a27   Thumb Code     0  startup_stm32f10x_hd.o(.text)
    DMA1_Channel2_IRQHandler                 0x08000a27   Thumb Code     0  startup_stm32f10x_hd.o(.text)
    DMA1_Channel3_IRQHandler                 0x08000a27   Thumb Code     0  startup_stm32f10x_hd.o(.text)
    DMA1_Channel4_IRQHandler                 0x08000a27   Thumb Code     0  startup_stm32f10x_hd.o(.text)
    DMA1_Channel5_IRQHandler                 0x08000a27   Thumb Code     0  startup_stm32f10x_hd.o(.text)
    DMA1_Channel6_IRQHandler                 0x08000a27   Thumb Code     0  startup_stm32f10x_hd.o(.text)
    DMA1_Channel7_IRQHandler                 0x08000a27   Thumb Code     0  startup_stm32f10x_hd.o(.text)
    DMA2_Channel1_IRQHandler                 0x08000a27   Thumb Code     0  startup_stm32f10x_hd.o(.text)
    DMA2_Channel2_IRQHandler                 0x08000a27   Thumb Code     0  startup_stm32f10x_hd.o(.text)
    DMA2_Channel3_IRQHandler                 0x08000a27   Thumb Code     0  startup_stm32f10x_hd.o(.text)
    DMA2_Channel4_5_IRQHandler               0x08000a27   Thumb Code     0  startup_stm32f10x_hd.o(.text)
    EXTI0_IRQHandler                         0x08000a27   Thumb Code     0  startup_stm32f10x_hd.o(.text)
    EXTI15_10_IRQHandler                     0x08000a27   Thumb Code     0  startup_stm32f10x_hd.o(.text)
    EXTI1_IRQHandler                         0x08000a27   Thumb Code     0  startup_stm32f10x_hd.o(.text)
    EXTI2_IRQHandler                         0x08000a27   Thumb Code     0  startup_stm32f10x_hd.o(.text)
    EXTI3_IRQHandler                         0x08000a27   Thumb Code     0  startup_stm32f10x_hd.o(.text)
    EXTI4_IRQHandler                         0x08000a27   Thumb Code     0  startup_stm32f10x_hd.o(.text)
    EXTI9_5_IRQHandler                       0x08000a27   Thumb Code     0  startup_stm32f10x_hd.o(.text)
    FLASH_IRQHandler                         0x08000a27   Thumb Code     0  startup_stm32f10x_hd.o(.text)
    FSMC_IRQHandler                          0x08000a27   Thumb Code     0  startup_stm32f10x_hd.o(.text)
    I2C1_ER_IRQHandler                       0x08000a27   Thumb Code     0  startup_stm32f10x_hd.o(.text)
    I2C1_EV_IRQHandler                       0x08000a27   Thumb Code     0  startup_stm32f10x_hd.o(.text)
    I2C2_ER_IRQHandler                       0x08000a27   Thumb Code     0  startup_stm32f10x_hd.o(.text)
    I2C2_EV_IRQHandler                       0x08000a27   Thumb Code     0  startup_stm32f10x_hd.o(.text)
    PVD_IRQHandler                           0x08000a27   Thumb Code     0  startup_stm32f10x_hd.o(.text)
    RCC_IRQHandler                           0x08000a27   Thumb Code     0  startup_stm32f10x_hd.o(.text)
    RTCAlarm_IRQHandler                      0x08000a27   Thumb Code     0  startup_stm32f10x_hd.o(.text)
    RTC_IRQHandler                           0x08000a27   Thumb Code     0  startup_stm32f10x_hd.o(.text)
    SDIO_IRQHandler                          0x08000a27   Thumb Code     0  startup_stm32f10x_hd.o(.text)
    SPI1_IRQHandler                          0x08000a27   Thumb Code     0  startup_stm32f10x_hd.o(.text)
    SPI2_IRQHandler                          0x08000a27   Thumb Code     0  startup_stm32f10x_hd.o(.text)
    SPI3_IRQHandler                          0x08000a27   Thumb Code     0  startup_stm32f10x_hd.o(.text)
    TAMPER_IRQHandler                        0x08000a27   Thumb Code     0  startup_stm32f10x_hd.o(.text)
    TIM1_BRK_IRQHandler                      0x08000a27   Thumb Code     0  startup_stm32f10x_hd.o(.text)
    TIM1_CC_IRQHandler                       0x08000a27   Thumb Code     0  startup_stm32f10x_hd.o(.text)
    TIM1_TRG_COM_IRQHandler                  0x08000a27   Thumb Code     0  startup_stm32f10x_hd.o(.text)
    TIM1_UP_IRQHandler                       0x08000a27   Thumb Code     0  startup_stm32f10x_hd.o(.text)
    TIM2_IRQHandler                          0x08000a27   Thumb Code     0  startup_stm32f10x_hd.o(.text)
    TIM3_IRQHandler                          0x08000a27   Thumb Code     0  startup_stm32f10x_hd.o(.text)
    TIM4_IRQHandler                          0x08000a27   Thumb Code     0  startup_stm32f10x_hd.o(.text)
    TIM5_IRQHandler                          0x08000a27   Thumb Code     0  startup_stm32f10x_hd.o(.text)
    TIM6_IRQHandler                          0x08000a27   Thumb Code     0  startup_stm32f10x_hd.o(.text)
    TIM7_IRQHandler                          0x08000a27   Thumb Code     0  startup_stm32f10x_hd.o(.text)
    TIM8_BRK_IRQHandler                      0x08000a27   Thumb Code     0  startup_stm32f10x_hd.o(.text)
    TIM8_CC_IRQHandler                       0x08000a27   Thumb Code     0  startup_stm32f10x_hd.o(.text)
    TIM8_TRG_COM_IRQHandler                  0x08000a27   Thumb Code     0  startup_stm32f10x_hd.o(.text)
    TIM8_UP_IRQHandler                       0x08000a27   Thumb Code     0  startup_stm32f10x_hd.o(.text)
    UART4_IRQHandler                         0x08000a27   Thumb Code     0  startup_stm32f10x_hd.o(.text)
    UART5_IRQHandler                         0x08000a27   Thumb Code     0  startup_stm32f10x_hd.o(.text)
    USART2_IRQHandler                        0x08000a27   Thumb Code     0  startup_stm32f10x_hd.o(.text)
    USART3_IRQHandler                        0x08000a27   Thumb Code     0  startup_stm32f10x_hd.o(.text)
    USBWakeUp_IRQHandler                     0x08000a27   Thumb Code     0  startup_stm32f10x_hd.o(.text)
    USB_HP_CAN1_TX_IRQHandler                0x08000a27   Thumb Code     0  startup_stm32f10x_hd.o(.text)
    USB_LP_CAN1_RX0_IRQHandler               0x08000a27   Thumb Code     0  startup_stm32f10x_hd.o(.text)
    WWDG_IRQHandler                          0x08000a27   Thumb Code     0  startup_stm32f10x_hd.o(.text)
    NVIC_PriorityGroupConfig                 0x08000a31   Thumb Code    10  misc.o(.text)
    NVIC_Init                                0x08000a3b   Thumb Code   102  misc.o(.text)
    NVIC_SetVectorTable                      0x08000aa1   Thumb Code    14  misc.o(.text)
    NVIC_SystemLPConfig                      0x08000aaf   Thumb Code    34  misc.o(.text)
    SysTick_CLKSourceConfig                  0x08000ad1   Thumb Code    40  misc.o(.text)
    GPIO_DeInit                              0x08000b0d   Thumb Code   172  stm32f10x_gpio.o(.text)
    GPIO_AFIODeInit                          0x08000bb9   Thumb Code    20  stm32f10x_gpio.o(.text)
    GPIO_Init                                0x08000bcd   Thumb Code   274  stm32f10x_gpio.o(.text)
    GPIO_StructInit                          0x08000cdf   Thumb Code    16  stm32f10x_gpio.o(.text)
    GPIO_ReadInputDataBit                    0x08000cef   Thumb Code    18  stm32f10x_gpio.o(.text)
    GPIO_ReadInputData                       0x08000d01   Thumb Code     8  stm32f10x_gpio.o(.text)
    GPIO_ReadOutputDataBit                   0x08000d09   Thumb Code    18  stm32f10x_gpio.o(.text)
    GPIO_ReadOutputData                      0x08000d1b   Thumb Code     8  stm32f10x_gpio.o(.text)
    GPIO_SetBits                             0x08000d23   Thumb Code     4  stm32f10x_gpio.o(.text)
    GPIO_ResetBits                           0x08000d27   Thumb Code     4  stm32f10x_gpio.o(.text)
    GPIO_WriteBit                            0x08000d2b   Thumb Code    10  stm32f10x_gpio.o(.text)
    GPIO_Write                               0x08000d35   Thumb Code     4  stm32f10x_gpio.o(.text)
    GPIO_PinLockConfig                       0x08000d39   Thumb Code    18  stm32f10x_gpio.o(.text)
    GPIO_EventOutputConfig                   0x08000d4b   Thumb Code    26  stm32f10x_gpio.o(.text)
    GPIO_EventOutputCmd                      0x08000d65   Thumb Code     6  stm32f10x_gpio.o(.text)
    GPIO_PinRemapConfig                      0x08000d6b   Thumb Code   138  stm32f10x_gpio.o(.text)
    GPIO_EXTILineConfig                      0x08000df5   Thumb Code    66  stm32f10x_gpio.o(.text)
    GPIO_ETH_MediaInterfaceConfig            0x08000e37   Thumb Code     6  stm32f10x_gpio.o(.text)
    RCC_DeInit                               0x08000e65   Thumb Code    64  stm32f10x_rcc.o(.text)
    RCC_HSEConfig                            0x08000ea5   Thumb Code    70  stm32f10x_rcc.o(.text)
    RCC_GetFlagStatus                        0x08000eeb   Thumb Code    56  stm32f10x_rcc.o(.text)
    RCC_WaitForHSEStartUp                    0x08000f23   Thumb Code    56  stm32f10x_rcc.o(.text)
    RCC_AdjustHSICalibrationValue            0x08000f5b   Thumb Code    20  stm32f10x_rcc.o(.text)
    RCC_HSICmd                               0x08000f6f   Thumb Code     6  stm32f10x_rcc.o(.text)
    RCC_PLLConfig                            0x08000f75   Thumb Code    24  stm32f10x_rcc.o(.text)
    RCC_PLLCmd                               0x08000f8d   Thumb Code     6  stm32f10x_rcc.o(.text)
    RCC_SYSCLKConfig                         0x08000f93   Thumb Code    18  stm32f10x_rcc.o(.text)
    RCC_GetSYSCLKSource                      0x08000fa5   Thumb Code    10  stm32f10x_rcc.o(.text)
    RCC_HCLKConfig                           0x08000faf   Thumb Code    18  stm32f10x_rcc.o(.text)
    RCC_PCLK1Config                          0x08000fc1   Thumb Code    18  stm32f10x_rcc.o(.text)
    RCC_PCLK2Config                          0x08000fd3   Thumb Code    20  stm32f10x_rcc.o(.text)
    RCC_ITConfig                             0x08000fe7   Thumb Code    26  stm32f10x_rcc.o(.text)
    RCC_USBCLKConfig                         0x08001001   Thumb Code     6  stm32f10x_rcc.o(.text)
    RCC_ADCCLKConfig                         0x08001007   Thumb Code    18  stm32f10x_rcc.o(.text)
    RCC_LSEConfig                            0x08001019   Thumb Code    44  stm32f10x_rcc.o(.text)
    RCC_LSICmd                               0x08001045   Thumb Code     6  stm32f10x_rcc.o(.text)
    RCC_RTCCLKConfig                         0x0800104b   Thumb Code    12  stm32f10x_rcc.o(.text)
    RCC_RTCCLKCmd                            0x08001057   Thumb Code     8  stm32f10x_rcc.o(.text)
    RCC_GetClocksFreq                        0x0800105f   Thumb Code   192  stm32f10x_rcc.o(.text)
    RCC_AHBPeriphClockCmd                    0x0800111f   Thumb Code    26  stm32f10x_rcc.o(.text)
    RCC_APB2PeriphClockCmd                   0x08001139   Thumb Code    26  stm32f10x_rcc.o(.text)
    RCC_APB1PeriphClockCmd                   0x08001153   Thumb Code    26  stm32f10x_rcc.o(.text)
    RCC_APB2PeriphResetCmd                   0x0800116d   Thumb Code    26  stm32f10x_rcc.o(.text)
    RCC_APB1PeriphResetCmd                   0x08001187   Thumb Code    26  stm32f10x_rcc.o(.text)
    RCC_BackupResetCmd                       0x080011a1   Thumb Code     8  stm32f10x_rcc.o(.text)
    RCC_ClockSecuritySystemCmd               0x080011a9   Thumb Code     6  stm32f10x_rcc.o(.text)
    RCC_MCOConfig                            0x080011af   Thumb Code     6  stm32f10x_rcc.o(.text)
    RCC_ClearFlag                            0x080011b5   Thumb Code    14  stm32f10x_rcc.o(.text)
    RCC_GetITStatus                          0x080011c3   Thumb Code    20  stm32f10x_rcc.o(.text)
    RCC_ClearITPendingBit                    0x080011d7   Thumb Code     6  stm32f10x_rcc.o(.text)
    USART_DeInit                             0x08001209   Thumb Code   134  stm32f10x_usart.o(.text)
    USART_Init                               0x0800128f   Thumb Code   210  stm32f10x_usart.o(.text)
    USART_StructInit                         0x08001361   Thumb Code    24  stm32f10x_usart.o(.text)
    USART_ClockInit                          0x08001379   Thumb Code    34  stm32f10x_usart.o(.text)
    USART_ClockStructInit                    0x0800139b   Thumb Code    12  stm32f10x_usart.o(.text)
    USART_Cmd                                0x080013a7   Thumb Code    24  stm32f10x_usart.o(.text)
    USART_ITConfig                           0x080013bf   Thumb Code    74  stm32f10x_usart.o(.text)
    USART_DMACmd                             0x08001409   Thumb Code    18  stm32f10x_usart.o(.text)
    USART_SetAddress                         0x0800141b   Thumb Code    18  stm32f10x_usart.o(.text)
    USART_WakeUpConfig                       0x0800142d   Thumb Code    18  stm32f10x_usart.o(.text)
    USART_ReceiverWakeUpCmd                  0x0800143f   Thumb Code    24  stm32f10x_usart.o(.text)
    USART_LINBreakDetectLengthConfig         0x08001457   Thumb Code    18  stm32f10x_usart.o(.text)
    USART_LINCmd                             0x08001469   Thumb Code    24  stm32f10x_usart.o(.text)
    USART_SendData                           0x08001481   Thumb Code     8  stm32f10x_usart.o(.text)
    USART_ReceiveData                        0x08001489   Thumb Code    10  stm32f10x_usart.o(.text)
    USART_SendBreak                          0x08001493   Thumb Code    10  stm32f10x_usart.o(.text)
    USART_SetGuardTime                       0x0800149d   Thumb Code    16  stm32f10x_usart.o(.text)
    USART_SetPrescaler                       0x080014ad   Thumb Code    16  stm32f10x_usart.o(.text)
    USART_SmartCardCmd                       0x080014bd   Thumb Code    24  stm32f10x_usart.o(.text)
    USART_SmartCardNACKCmd                   0x080014d5   Thumb Code    24  stm32f10x_usart.o(.text)
    USART_HalfDuplexCmd                      0x080014ed   Thumb Code    24  stm32f10x_usart.o(.text)
    USART_OverSampling8Cmd                   0x08001505   Thumb Code    22  stm32f10x_usart.o(.text)
    USART_OneBitMethodCmd                    0x0800151b   Thumb Code    24  stm32f10x_usart.o(.text)
    USART_IrDAConfig                         0x08001533   Thumb Code    18  stm32f10x_usart.o(.text)
    USART_IrDACmd                            0x08001545   Thumb Code    24  stm32f10x_usart.o(.text)
    USART_GetFlagStatus                      0x0800155d   Thumb Code    26  stm32f10x_usart.o(.text)
    USART_ClearFlag                          0x08001577   Thumb Code    18  stm32f10x_usart.o(.text)
    USART_GetITStatus                        0x08001589   Thumb Code    84  stm32f10x_usart.o(.text)
    USART_ClearITPendingBit                  0x080015dd   Thumb Code    52  stm32f10x_usart.o(.text)
    delay_xms                                0x08001611   Thumb Code    26  display_epd_w21.o(.text)
    EPD_W21_Init                             0x0800162b   Thumb Code    36  display_epd_w21.o(.text)
    EPD_Display_BW                           0x0800164f   Thumb Code    52  display_epd_w21.o(.text)
    lcd_chkstatus                            0x08001683   Thumb Code    42  display_epd_w21.o(.text)
    EPD_Display_R                            0x080016ad   Thumb Code    72  display_epd_w21.o(.text)
    EPD_init                                 0x080016f5   Thumb Code   132  display_epd_w21.o(.text)
    EPD_sleep                                0x08001779   Thumb Code    38  display_epd_w21.o(.text)
    PIC_display                              0x0800179f   Thumb Code    84  display_epd_w21.o(.text)
    PIC_display_Clear                        0x080017f3   Thumb Code    72  display_epd_w21.o(.text)
    EPD_GPIO_Init                            0x08001841   Thumb Code   124  display_epd_w21_spi.o(.text)
    SPI_Delay                                0x080018bd   Thumb Code    14  display_epd_w21_spi.o(.text)
    SPI_Write                                0x080018cb   Thumb Code    94  display_epd_w21_spi.o(.text)
    EPD_W21_WriteCMD                         0x08001929   Thumb Code    48  display_epd_w21_spi.o(.text)
    EPD_W21_WriteDATA                        0x08001959   Thumb Code    48  display_epd_w21_spi.o(.text)
    Paint_NewImage                           0x08001991   Thumb Code   122  gui_paint.o(.text)
    Paint_SelectImage                        0x08001a0b   Thumb Code     6  gui_paint.o(.text)
    Paint_SetRotate                          0x08001a11   Thumb Code    22  gui_paint.o(.text)
    Paint_SetMirroring                       0x08001a27   Thumb Code    20  gui_paint.o(.text)
    Paint_SetPixel                           0x08001a3b   Thumb Code   326  gui_paint.o(.text)
    Paint_Clear                              0x08001b81   Thumb Code    52  gui_paint.o(.text)
    Paint_ClearWindows                       0x08001bb5   Thumb Code    54  gui_paint.o(.text)
    Paint_DrawPoint                          0x08001beb   Thumb Code   164  gui_paint.o(.text)
    Paint_DrawLine                           0x08001c8f   Thumb Code   252  gui_paint.o(.text)
    Paint_DrawRectangle                      0x08001d8b   Thumb Code   178  gui_paint.o(.text)
    Paint_DrawCircle                         0x08001e3d   Thumb Code   502  gui_paint.o(.text)
    Paint_DrawChar                           0x08002033   Thumb Code   266  gui_paint.o(.text)
    Paint_DrawString_EN                      0x0800213d   Thumb Code   122  gui_paint.o(.text)
    Paint_DrawString_CN                      0x080021b7   Thumb Code   530  gui_paint.o(.text)
    Paint_DrawNum                            0x080023c9   Thumb Code   158  gui_paint.o(.text)
    Paint_DrawTime                           0x08002467   Thumb Code   360  gui_paint.o(.text)
    Paint_DrawBitMap                         0x080025cf   Thumb Code    56  gui_paint.o(.text)
    __aeabi_memset                           0x08002619   Thumb Code    14  memseta.o(.text)
    __aeabi_memset4                          0x08002619   Thumb Code     0  memseta.o(.text)
    __aeabi_memset8                          0x08002619   Thumb Code     0  memseta.o(.text)
    __aeabi_memclr                           0x08002627   Thumb Code     4  memseta.o(.text)
    __aeabi_memclr4                          0x08002627   Thumb Code     0  memseta.o(.text)
    __aeabi_memclr8                          0x08002627   Thumb Code     0  memseta.o(.text)
    _memset$wrapper                          0x0800262b   Thumb Code    18  memseta.o(.text)
    __scatterload                            0x0800263d   Thumb Code    28  init.o(.text)
    __scatterload_rt2                        0x0800263d   Thumb Code     0  init.o(.text)
    __scatterload_copy                       0x08002661   Thumb Code    14  handlers.o(i.__scatterload_copy)
    __scatterload_null                       0x0800266f   Thumb Code     2  handlers.o(i.__scatterload_null)
    __scatterload_zeroinit                   0x08002671   Thumb Code    14  handlers.o(i.__scatterload_zeroinit)
    gImage_BW1                               0x0800267e   Data       48000  main.o(.constdata)
    gImage_R1                                0x0800e1fe   Data       48000  main.o(.constdata)
    Font8_Table                              0x08019d7e   Data         760  font8.o(.constdata)
    Font12_Table                             0x0801a076   Data        1140  font12.o(.constdata)
    Font16_Table                             0x0801a4ea   Data        3040  font16.o(.constdata)
    Font20_Table                             0x0801b0ca   Data        3800  font20.o(.constdata)
    Font24_Table                             0x0801bfa2   Data        6840  font24.o(.constdata)
    Region$$Table$$Base                      0x0801da5c   Number         0  anon$$obj.o(Region$$Table)
    Region$$Table$$Limit                     0x0801da7c   Number         0  anon$$obj.o(Region$$Table)
    SystemCoreClock                          0x20000000   Data           4  system_stm32f10x.o(.data)
    AHBPrescTable                            0x20000004   Data          16  system_stm32f10x.o(.data)
    USART_RX_STA                             0x20000018   Data           2  usart.o(.data)
    __stdout                                 0x2000001c   Data           4  usart.o(.data)
    Font8                                    0x20000034   Data           8  font8.o(.data)
    Font12                                   0x2000003c   Data           8  font12.o(.data)
    Font16                                   0x20000044   Data           8  font16.o(.data)
    Font20                                   0x2000004c   Data           8  font20.o(.data)
    Font24                                   0x20000054   Data           8  font24.o(.data)
    BlackImage                               0x2000005c   Data       48000  main.o(.bss)
    USART_RX_BUF                             0x2000bbdc   Data         200  usart.o(.bss)
    Paint                                    0x2000bca4   Data          24  gui_paint.o(.bss)
    __initial_sp                             0x2000c0c0   Data           0  startup_stm32f10x_hd.o(STACK)



==============================================================================

Memory Map of the image

  Image Entry point : 0x08000131

  Load Region LR_IROM1 (Base: 0x08000000, Size: 0x0001dad8, Max: 0x00080000, ABSOLUTE)

    Execution Region ER_IROM1 (Base: 0x08000000, Size: 0x0001da7c, Max: 0x00080000, ABSOLUTE)

    Base Addr    Size         Type   Attr      Idx    E Section Name        Object

    0x08000000   0x00000130   Data   RO          219    RESET               startup_stm32f10x_hd.o
    0x08000130   0x00000000   Code   RO          446  * .ARM.Collect$$$$00000000  mc_w.l(entry.o)
    0x08000130   0x00000004   Code   RO          451    .ARM.Collect$$$$00000001  mc_w.l(entry2.o)
    0x08000134   0x00000004   Code   RO          454    .ARM.Collect$$$$00000004  mc_w.l(entry5.o)
    0x08000138   0x00000000   Code   RO          456    .ARM.Collect$$$$00000008  mc_w.l(entry7b.o)
    0x08000138   0x00000000   Code   RO          458    .ARM.Collect$$$$0000000A  mc_w.l(entry8b.o)
    0x08000138   0x00000008   Code   RO          459    .ARM.Collect$$$$0000000B  mc_w.l(entry9a.o)
    0x08000140   0x00000000   Code   RO          461    .ARM.Collect$$$$0000000D  mc_w.l(entry10a.o)
    0x08000140   0x00000000   Code   RO          463    .ARM.Collect$$$$0000000F  mc_w.l(entry11a.o)
    0x08000140   0x00000004   Code   RO          452    .ARM.Collect$$$$00002712  mc_w.l(entry2.o)
    0x08000144   0x0000049c   Code   RO            1    .text               main.o
    0x080005e0   0x0000001a   Code   RO           72    .text               stm32f10x_it.o
    0x080005fa   0x00000002   PAD
    0x080005fc   0x000001dc   Code   RO          116    .text               system_stm32f10x.o
    0x080007d8   0x000000e8   Code   RO          134    .text               delay.o
    0x080008c0   0x0000000c   Code   RO          171    .text               sys.o
    0x080008cc   0x00000140   Code   RO          183    .text               usart.o
    0x08000a0c   0x00000024   Code   RO          220    .text               startup_stm32f10x_hd.o
    0x08000a30   0x000000dc   Code   RO          224    .text               misc.o
    0x08000b0c   0x00000358   Code   RO          236    .text               stm32f10x_gpio.o
    0x08000e64   0x000003a4   Code   RO          248    .text               stm32f10x_rcc.o
    0x08001208   0x00000408   Code   RO          262    .text               stm32f10x_usart.o
    0x08001610   0x00000230   Code   RO          274    .text               display_epd_w21.o
    0x08001840   0x00000150   Code   RO          303    .text               display_epd_w21_spi.o
    0x08001990   0x00000c88   Code   RO          315    .text               gui_paint.o
    0x08002618   0x00000024   Code   RO          449    .text               mc_w.l(memseta.o)
    0x0800263c   0x00000024   Code   RO          465    .text               mc_w.l(init.o)
    0x08002660   0x0000000e   Code   RO          469    i.__scatterload_copy  mc_w.l(handlers.o)
    0x0800266e   0x00000002   Code   RO          470    i.__scatterload_null  mc_w.l(handlers.o)
    0x08002670   0x0000000e   Code   RO          471    i.__scatterload_zeroinit  mc_w.l(handlers.o)
    0x0800267e   0x00017700   Data   RO            3    .constdata          main.o
    0x08019d7e   0x000002f8   Data   RO          348    .constdata          font8.o
    0x0801a076   0x00000474   Data   RO          362    .constdata          font12.o
    0x0801a4ea   0x00000be0   Data   RO          390    .constdata          font16.o
    0x0801b0ca   0x00000ed8   Data   RO          404    .constdata          font20.o
    0x0801bfa2   0x00001ab8   Data   RO          418    .constdata          font24.o
    0x0801da5a   0x00000002   PAD
    0x0801da5c   0x00000020   Data   RO          467    Region$$Table       anon$$obj.o


    Execution Region RW_IRAM1 (Base: 0x20000000, Size: 0x0000c0c0, Max: 0x00010000, ABSOLUTE)

    Base Addr    Size         Type   Attr      Idx    E Section Name        Object

    0x20000000   0x00000014   Data   RW          117    .data               system_stm32f10x.o
    0x20000014   0x00000004   Data   RW          135    .data               delay.o
    0x20000018   0x00000008   Data   RW          185    .data               usart.o
    0x20000020   0x00000014   Data   RW          249    .data               stm32f10x_rcc.o
    0x20000034   0x00000008   Data   RW          349    .data               font8.o
    0x2000003c   0x00000008   Data   RW          363    .data               font12.o
    0x20000044   0x00000008   Data   RW          391    .data               font16.o
    0x2000004c   0x00000008   Data   RW          405    .data               font20.o
    0x20000054   0x00000008   Data   RW          419    .data               font24.o
    0x2000005c   0x0000bb80   Zero   RW            2    .bss                main.o
    0x2000bbdc   0x000000c8   Zero   RW          184    .bss                usart.o
    0x2000bca4   0x00000018   Zero   RW          316    .bss                gui_paint.o
    0x2000bcbc   0x00000004   PAD
    0x2000bcc0   0x00000400   Zero   RW          217    STACK               startup_stm32f10x_hd.o


==============================================================================

Image component sizes


      Code (inc. data)   RO Data    RW Data    ZI Data      Debug   Object Name

         0          0          0          0          0         32   core_cm3.o
       232         16          0          4          0     205931   delay.o
       560          6          0          0          0       2157   display_epd_w21.o
       336          8          0          0          0       1347   display_epd_w21_spi.o
         0          0       1140          8          0       1428   font12.o
         0          0       3040          8          0       1428   font16.o
         0          0       3800          8          0       1428   font20.o
         0          0       6840          8          0       1428   font24.o
         0          0        760          8          0       1423   font8.o
      3208         26          0          0         24      11764   gui_paint.o
      1180         66      96000          0      48000      14473   main.o
       220         20          0          0          0       1777   misc.o
        36          8        304          0       1024        752   startup_stm32f10x_hd.o
       856         40          0          0          0       5621   stm32f10x_gpio.o
        26          0          0          0          0      24286   stm32f10x_it.o
       932         44          0         20          0       8776   stm32f10x_rcc.o
      1032         22          0          0          0       8344   stm32f10x_usart.o
        12          0          0          0          0        437   sys.o
       476         36          0         20          0       1703   system_stm32f10x.o
       320         18          0          8        200       3114   usart.o

    ----------------------------------------------------------------------
      9428        310     111918         92      49252     297649   Object Totals
         0          0         32          0          0          0   (incl. Generated)
         2          0          2          0          4          0   (incl. Padding)

    ----------------------------------------------------------------------

      Code (inc. data)   RO Data    RW Data    ZI Data      Debug   Library Member Name

         0          0          0          0          0          0   entry.o
         0          0          0          0          0          0   entry10a.o
         0          0          0          0          0          0   entry11a.o
         8          4          0          0          0          0   entry2.o
         4          0          0          0          0          0   entry5.o
         0          0          0          0          0          0   entry7b.o
         0          0          0          0          0          0   entry8b.o
         8          4          0          0          0          0   entry9a.o
        30          0          0          0          0          0   handlers.o
        36          8          0          0          0         68   init.o
        36          0          0          0          0        108   memseta.o

    ----------------------------------------------------------------------
       122         16          0          0          0        176   Library Totals
         0          0          0          0          0          0   (incl. Padding)

    ----------------------------------------------------------------------

      Code (inc. data)   RO Data    RW Data    ZI Data      Debug   Library Name

       122         16          0          0          0        176   mc_w.l

    ----------------------------------------------------------------------
       122         16          0          0          0        176   Library Totals

    ----------------------------------------------------------------------

==============================================================================


      Code (inc. data)   RO Data    RW Data    ZI Data      Debug   

      9550        326     111918         92      49252     296785   Grand Totals
      9550        326     111918         92      49252     296785   ELF Image Totals
      9550        326     111918         92          0          0   ROM Totals

==============================================================================

    Total RO  Size (Code + RO Data)               121468 ( 118.62kB)
    Total RW  Size (RW Data + ZI Data)             49344 (  48.19kB)
    Total ROM Size (Code + RO Data + RW Data)     121560 ( 118.71kB)

==============================================================================

