<html>
<body>
<pre>
<h1>礦ision Build Log</h1>
<h2>Project:</h2>
F:\佳显电子\新程序\GUI程序制作\HLT\GDEH0154D67_SSD1681-20200508\USER\EPD.uvproj
Project File Date:  05/08/2020

<h2>Output:</h2>
Build target 'Target 1'
compiling main.c...
linking...
Program Size: Code=10900 RO-data=50140 RW-data=92 ZI-data=6860  
FromELF: creating hex file...
"..\OBJ\EPD.axf" - 0 Error(s), 0 Warning(s).
</pre>
</body>
</html>
-data=50140 RW-data=92 ZI-data=6860  
FromELF: creating hex file...
"..\OBJ\EPD.axf" - 0 Error(s), 1 Warning(s).
